> Task :app:checkKotlinGradlePluginConfigurationErrors SKIPPED
> Task :app:preBuild UP-TO-DATE
> Task :app:preRootDebugBuild UP-TO-DATE
> Task :app:generateRootDebugBuildConfig UP-TO-DATE
> Task :shared:preBuild UP-TO-DATE
> Task :shared:preDebugBuild UP-TO-DATE
> Task :shared:writeDebugAarMetadata UP-TO-DATE
> Task :app:checkRootDebugAarMetadata UP-TO-DATE
> Task :app:generateRootDebugResValues UP-TO-DATE
> Task :shared:generateDebugResValues UP-TO-DATE
> Task :shared:generateDebugResources UP-TO-DATE
> Task :shared:packageDebugResources UP-TO-DATE
> Task :app:mapRootDebugSourceSetPaths UP-TO-DATE
> Task :app:generateRootDebugResources UP-TO-DATE
> Task :app:mergeRootDebugResources UP-TO-DATE
> Task :app:packageRootDebugResources UP-TO-DATE
> Task :app:parseRootDebugLocalResources UP-TO-DATE
> Task :app:createRootDebugCompatibleScreenManifests UP-TO-DATE
> Task :app:extractDeepLinksRootDebug UP-TO-DATE
> Task :shared:extractDeepLinksDebug UP-TO-DATE
> Task :shared:processDebugManifest UP-TO-DATE
> Task :app:processRootDebugMainManifest UP-TO-DATE
> Task :app:processRootDebugManifest UP-TO-DATE
> Task :app:processRootDebugManifestForPackage UP-TO-DATE
> Task :shared:compileDebugLibraryResources UP-TO-DATE
> Task :shared:parseDebugLocalResources UP-TO-DATE
> Task :shared:generateDebugRFile UP-TO-DATE
> Task :app:processRootDebugResources UP-TO-DATE
> Task :shared:kmpPartiallyResolvedDependenciesChecker
> Task :shared:checkKotlinGradlePluginConfigurationErrors SKIPPED
> Task :shared:generateComposeResClass UP-TO-DATE
> Task :shared:convertXmlValueResourcesForAndroidDebug NO-SOURCE
> Task :shared:copyNonXmlValueResourcesForAndroidDebug NO-SOURCE
> Task :shared:prepareComposeResourcesTaskForAndroidDebug NO-SOURCE
> Task :shared:generateResourceAccessorsForAndroidDebug NO-SOURCE
> Task :shared:convertXmlValueResourcesForAndroidMain NO-SOURCE
> Task :shared:copyNonXmlValueResourcesForAndroidMain NO-SOURCE
> Task :shared:prepareComposeResourcesTaskForAndroidMain NO-SOURCE
> Task :shared:generateResourceAccessorsForAndroidMain NO-SOURCE
> Task :shared:convertXmlValueResourcesForCommonMain NO-SOURCE
> Task :shared:copyNonXmlValueResourcesForCommonMain NO-SOURCE
> Task :shared:prepareComposeResourcesTaskForCommonMain NO-SOURCE
> Task :shared:generateResourceAccessorsForCommonMain NO-SOURCE
> Task :shared:compileDebugKotlinAndroid UP-TO-DATE
> Task :shared:javaPreCompileDebug UP-TO-DATE
> Task :shared:compileDebugJavaWithJavac NO-SOURCE
> Task :shared:bundleLibCompileToJarDebug UP-TO-DATE
> Task :app:kaptGenerateStubsRootDebugKotlin UP-TO-DATE

> Task :app:kaptRootDebugKotlin FAILED
./gradlew : error: [Hilt] Provided Metadata instance has version 2.3.0, while maximum supported version is 2.1.0. To 
support newer versions, update the kotlinx-metadata-jvm library.: java.lang.IllegalArgumentException: Provided 
Metadata instance has version 2.3.0, while maximum supported version is 2.1.0. To support newer versions, update the 
kotlinx-metadata-jvm library.
En línea: 1 Carácter: 1
+ ./gradlew :app:kaptRootDebugKotlin > build_output.txt 2>&1
+ ~~~~~~~~~~~~~~~~~~~~~~~~~~~~~~~~~~~~~~~~~~~~~~~~~~~~~~~~~~
    + CategoryInfo          : NotSpecified: (error: [Hilt] P...ta-jvm library.:String) [], RemoteException
    + FullyQualifiedErrorId : NativeCommandError
 
  	at dagger.spi.internal.shaded.androidx.room.jarjarred.kotlinx.metadata.jvm.internal.JvmReadUtils.throwIfNotCompatibl
e$kotlinx_metadata_jvm(JvmReadUtils.kt:101)
  	at dagger.spi.internal.shaded.androidx.room.jarjarred.kotlinx.metadata.jvm.internal.JvmReadUtils.checkMetadataVersio
nForRead(JvmReadUtils.kt:90)
  	at dagger.spi.internal.shaded.androidx.room.jarjarred.kotlinx.metadata.jvm.internal.JvmReadUtils.readMetadataImpl$ko
tlinx_metadata_jvm(JvmReadUtils.kt:47)
  	at dagger.spi.internal.shaded.androidx.room.jarjarred.kotlinx.metadata.jvm.KotlinClassMetadata$Companion.readStrict(
KotlinClassMetadata.kt:793)
  	at dagger.spi.internal.shaded.androidx.room.compiler.processing.javac.kotlin.KmClassContainer$Companion.createFor(Ko
tlinClassMetadataUtils.kt:182)
  	at dagger.spi.internal.shaded.androidx.room.compiler.processing.javac.JavacTypeElement$kotlinMetadata$2.invoke(Javac
TypeElement.kt:57)
  	at dagger.spi.internal.shaded.androidx.room.compiler.processing.javac.JavacTypeElement$kotlinMetadata$2.invoke(Javac
TypeElement.kt:57)
  	at kotlin.SynchronizedLazyImpl.getValue(LazyJVM.kt:74)
  	at dagger.spi.internal.shaded.androidx.room.compiler.processing.javac.JavacTypeElement.getKotlinMetadata(JavacTypeEl
ement.kt:57)
  	at 
dagger.spi.internal.shaded.androidx.room.compiler.processing.javac.JavacTypeElement.isClass(JavacTypeElement.kt:133)
  	at dagger.hilt.processor.internal.aggregateddeps.AggregatedDepsProcessingStep.processModule(AggregatedDepsProcessing
Step.java:142)
  	at dagger.hilt.processor.internal.aggregateddeps.AggregatedDepsProcessingStep.processEach(AggregatedDepsProcessingSt
ep.java:107)
  	at dagger.hilt.processor.internal.BaseProcessingStep.process(BaseProcessingStep.java:118)
  	at dagger.hilt.processor.internal.aggregateddeps.AggregatedDepsProcessingStep.process(AggregatedDepsProcessingStep.j
ava:46)
  	at dagger.spi.internal.shaded.androidx.room.compiler.processing.CommonProcessorDelegate.processRound(XBasicAnnotatio
nProcessor.kt:134)
  	at dagger.spi.internal.shaded.androidx.room.compiler.processing.javac.JavacBasicAnnotationProcessor.process(JavacBas
icAnnotationProcessor.kt:75)
  	at org.jetbrains.kotlin.kapt.base.incremental.IncrementalProcessor.process(incrementalProcessors.kt:88)
  	at org.jetbrains.kotlin.kapt.base.ProcessorWrapper.process(annotationProcessing.kt:217)
  	at jdk.compiler/com.sun.tools.javac.processing.JavacProcessingEnvironment.callProcessor(JavacProcessingEnvironment.j
ava:1021)
  	at jdk.compiler/com.sun.tools.javac.processing.JavacProcessingEnvironment.discoverAndRunProcs(JavacProcessingEnviron
ment.java:937)
  	at 
jdk.compiler/com.sun.tools.javac.processing.JavacProcessingEnvironment$Round.run(JavacProcessingEnvironment.java:1265)
  	at jdk.compiler/com.sun.tools.javac.processing.JavacProcessingEnvironment.doProcessing(JavacProcessingEnvironment.ja
va:1380)
  	at jdk.compiler/com.sun.tools.javac.main.JavaCompiler.processAnnotations(JavaCompiler.java:1272)
  	at java.base/jdk.internal.reflect.DirectMethodHandleAccessor.invoke(DirectMethodHandleAccessor.java:103)
  	at java.base/java.lang.reflect.Method.invoke(Method.java:580)
  	at org.jetbrains.kotlin.kapt.base.AnnotationProcessingKt.doAnnotationProcessing(annotationProcessing.kt:98)
  	at org.jetbrains.kotlin.kapt.base.AnnotationProcessingKt.doAnnotationProcessing(annotationProcessing.kt:37)
  	at org.jetbrains.kotlin.kapt.base.Kapt.kapt(Kapt.kt:46)
  	at java.base/jdk.internal.reflect.DirectMethodHandleAccessor.invoke(DirectMethodHandleAccessor.java:103)
  	at java.base/java.lang.reflect.Method.invoke(Method.java:580)
  	at org.jetbrains.kotlin.gradle.internal.KaptExecution.run(KaptWithoutKotlincTask.kt:336)
  	at org.jetbrains.kotlin.gradle.internal.KaptWithoutKotlincTask$KaptExecutionWorkAction.execute(KaptWithoutKotlincTas
k.kt:273)
  	at org.gradle.workers.internal.DefaultWorkerServer.execute(DefaultWorkerServer.java:63)
  	at org.gradle.workers.internal.NoIsolationWorkerFactory$1$1.create(NoIsolationWorkerFactory.java:66)
  	at org.gradle.workers.internal.NoIsolationWorkerFactory$1$1.create(NoIsolationWorkerFactory.java:62)
  	at org.gradle.internal.classloader.ClassLoaderUtils.executeInClassloader(ClassLoaderUtils.java:100)
  	at org.gradle.workers.internal.NoIsolationWorkerFactory$1.lambda$execute$0(NoIsolationWorkerFactory.java:62)
  	at org.gradle.workers.internal.AbstractWorker$1.call(AbstractWorker.java:44)
  	at org.gradle.workers.internal.AbstractWorker$1.call(AbstractWorker.java:41)
  	at org.gradle.internal.operations.DefaultBuildOperationRunner$CallableBuildOperationWorker.execute(DefaultBuildOpera
tionRunner.java:200)
  	at org.gradle.internal.operations.DefaultBuildOperationRunner$CallableBuildOperationWorker.execute(DefaultBuildOpera
tionRunner.java:195)
  	at org.gradle.internal.operations.DefaultBuildOperationRunner$2.execute(DefaultBuildOperationRunner.java:66)
  	at org.gradle.internal.operations.DefaultBuildOperationRunner$2.execute(DefaultBuildOperationRunner.java:59)
  	at org.gradle.internal.operations.DefaultBuildOperationRunner.execute(DefaultBuildOperationRunner.java:157)
  	at org.gradle.internal.operations.DefaultBuildOperationRunner.execute(DefaultBuildOperationRunner.java:59)
  	at org.gradle.internal.operations.DefaultBuildOperationRunner.call(DefaultBuildOperationRunner.java:53)
  	at org.gradle.internal.operations.DefaultBuildOperationExecutor.call(DefaultBuildOperationExecutor.java:73)
  	at org.gradle.workers.internal.AbstractWorker.executeWrappedInBuildOperation(AbstractWorker.java:41)
  	at org.gradle.workers.internal.NoIsolationWorkerFactory$1.execute(NoIsolationWorkerFactory.java:59)
  	at org.gradle.workers.internal.DefaultWorkerExecutor.lambda$submitWork$0(DefaultWorkerExecutor.java:174)
  	at java.base/java.util.concurrent.FutureTask.run(FutureTask.java:317)
  	at org.gradle.internal.work.DefaultConditionalExecutionQueue$ExecutionRunner.runExecution(DefaultConditionalExecutio
nQueue.java:187)
  	at org.gradle.internal.work.DefaultConditionalExecutionQueue$ExecutionRunner.access$700(DefaultConditionalExecutionQ
ueue.java:120)
  	at org.gradle.internal.work.DefaultConditionalExecutionQueue$ExecutionRunner$1.run(DefaultConditionalExecutionQueue.
java:162)
  	at org.gradle.internal.Factories$1.create(Factories.java:31)
  	at org.gradle.internal.work.DefaultWorkerLeaseService.withLocks(DefaultWorkerLeaseService.java:264)
  	at org.gradle.internal.work.DefaultWorkerLeaseService.runAsWorkerThread(DefaultWorkerLeaseService.java:128)
  	at org.gradle.internal.work.DefaultWorkerLeaseService.runAsWorkerThread(DefaultWorkerLeaseService.java:133)
  	at org.gradle.internal.work.DefaultConditionalExecutionQueue$ExecutionRunner.runBatch(DefaultConditionalExecutionQue
ue.java:157)
  	at org.gradle.internal.work.DefaultConditionalExecutionQueue$ExecutionRunner.run(DefaultConditionalExecutionQueue.ja
va:126)
  	at java.base/java.util.concurrent.Executors$RunnableAdapter.call(Executors.java:572)
  	at java.base/java.util.concurrent.FutureTask.run(FutureTask.java:317)
  	at org.gradle.internal.concurrent.ExecutorPolicy$CatchAndRecordFailures.onExecute(ExecutorPolicy.java:64)
  	at org.gradle.internal.concurrent.AbstractManagedExecutor$1.run(AbstractManagedExecutor.java:47)
  	at java.base/java.util.concurrent.ThreadPoolExecutor.runWorker(ThreadPoolExecutor.java:1144)
  	at java.base/java.util.concurrent.ThreadPoolExecutor$Worker.run(ThreadPoolExecutor.java:642)
  	at java.base/java.lang.Thread.run(Thread.java:1583)
  
  [1;31m[Hilt] Processing did not complete. See error above for details.[0m

FAILURE: Build failed with an exception.

* What went wrong:
Execution failed for task ':app:kaptRootDebugKotlin'.
> A failure occurred while executing 
org.jetbrains.kotlin.gradle.internal.KaptWithoutKotlincTask$KaptExecutionWorkAction

* Try:
> Run with --stacktrace option to get the stack trace.
> Run with --info or --debug option to get more log output.
> Run with --scan to get full insights.
> Get more help at https://help.gradle.org.

Deprecated Gradle features were used in this build, making it incompatible with Gradle 9.0.

You can use '--warning-mode all' to show the individual deprecation warnings and determine if they come from your own scripts or plugins.

For more on this, please refer to https://docs.gradle.org/8.7/userguide/command_line_interface.html#sec:command_line_warnings in the Gradle documentation.

BUILD FAILED in 2s
30 actionable tasks: 2 executed, 28 up-to-date
